104.210.140.139 - - [22/Apr/2026:21:36:45 +0000] "GET /robots.txt HTTP/1.1" 404 179 "-" "Mozilla/5.0 (Macintosh; Intel Mac OS X 10_15_7) AppleWebKit/537.36 (KHTML, like Gecko) Chrome/131.0.0.0 Safari/537.36; compatible; OAI-SearchBot/1.0; +https://openai.com/searchbot" "104.210.140.139" response-time=0.192
104.210.140.137 - - [22/Apr/2026:21:36:45 +0000] "GET /robots.txt HTTP/1.1" 404 179 "-" "Mozilla/5.0 (Macintosh; Intel Mac OS X 10_15_7) AppleWebKit/537.36 (KHTML, like Gecko) Chrome/131.0.0.0 Safari/537.36; compatible; OAI-SearchBot/1.0; +https://openai.com/searchbot" "104.210.140.137" response-time=0.005
207.46.13.155 - - [23/Apr/2026:13:17:28 +0000] "GET / HTTP/1.1" 200 4810 "-" "Mozilla/5.0 AppleWebKit/537.36 (KHTML, like Gecko; compatible; bingbot/2.0; +http://www.bing.com/bingbot.htm) Chrome/116.0.1938.76 Safari/537.36" "207.46.13.155" response-time=0.963
57.155.170.192 - - [23/Apr/2026:16:49:28 +0000] "GET / HTTP/1.1" 200 4810 "-" "Mozilla/5.0 (Windows NT 10.0; Win64; x64) AppleWebKit/537.36 (KHTML, like Gecko) Chrome/142.0.7444.162 Safari/537.36" "57.155.170.192" response-time=0.613
57.155.170.192 - - [23/Apr/2026:16:49:29 +0000] "GET /static/fonts/fontawesome/css/all.min.css HTTP/1.1" 200 12111 "https://cuong1512.pythonanywhere.com/" "Mozilla/5.0 (Windows NT 10.0; Win64; x64) AppleWebKit/537.36 (KHTML, like Gecko) Chrome/142.0.7444.162 Safari/537.36" "57.155.170.192" response-time=0.014
57.155.170.192 - - [23/Apr/2026:16:49:29 +0000] "GET /static/css/ui.css HTTP/1.1" 200 5240 "https://cuong1512.pythonanywhere.com/" "Mozilla/5.0 (Windows NT 10.0; Win64; x64) AppleWebKit/537.36 (KHTML, like Gecko) Chrome/142.0.7444.162 Safari/537.36" "57.155.170.192" response-time=0.007
57.155.170.192 - - [23/Apr/2026:16:49:30 +0000] "GET /static/css/custom.css HTTP/1.1" 200 2837 "https://cuong1512.pythonanywhere.com/" "Mozilla/5.0 (Windows NT 10.0; Win64; x64) AppleWebKit/537.36 (KHTML, like Gecko) Chrome/142.0.7444.162 Safari/537.36" "57.155.170.192" response-time=0.005
57.155.170.192 - - [23/Apr/2026:16:49:30 +0000] "GET /static/js/script.js HTTP/1.1" 200 569 "https://cuong1512.pythonanywhere.com/" "Mozilla/5.0 (Windows NT 10.0; Win64; x64) AppleWebKit/537.36 (KHTML, like Gecko) Chrome/142.0.7444.162 Safari/537.36" "57.155.170.192" response-time=0.007
57.155.170.192 - - [23/Apr/2026:16:49:30 +0000] "GET /static/images/hihi.png HTTP/1.1" 200 9533 "https://cuong1512.pythonanywhere.com/" "Mozilla/5.0 (Windows NT 10.0; Win64; x64) AppleWebKit/537.36 (KHTML, like Gecko) Chrome/142.0.7444.162 Safari/537.36" "57.155.170.192" response-time=0.005
57.155.170.192 - - [23/Apr/2026:16:49:30 +0000] "GET /static/images/banners/banner.png HTTP/1.1" 200 17762181 "https://cuong1512.pythonanywhere.com/" "Mozilla/5.0 (Windows NT 10.0; Win64; x64) AppleWebKit/537.36 (KHTML, like Gecko) Chrome/142.0.7444.162 Safari/537.36" "57.155.170.192" response-time=0.245
57.155.170.192 - - [23/Apr/2026:16:49:30 +0000] "GET /media/photos/products/61dOw-7liOL._AC_SL1500_.jpg HTTP/1.1" 200 78558 "https://cuong1512.pythonanywhere.com/" "Mozilla/5.0 (Windows NT 10.0; Win64; x64) AppleWebKit/537.36 (KHTML, like Gecko) Chrome/142.0.7444.162 Safari/537.36" "57.155.170.192" response-time=0.010
57.155.170.192 - - [23/Apr/2026:16:49:31 +0000] "GET /media/photos/products/Samsung-Galaxy-S24-Ultra.png HTTP/1.1" 200 88765 "https://cuong1512.pythonanywhere.com/" "Mozilla/5.0 (Windows NT 10.0; Win64; x64) AppleWebKit/537.36 (KHTML, like Gecko) Chrome/142.0.7444.162 Safari/537.36" "57.155.170.192" response-time=0.003
57.155.170.192 - - [23/Apr/2026:16:49:31 +0000] "GET /media/photos/products/iPhone-15.jpg HTTP/1.1" 200 32338 "https://cuong1512.pythonanywhere.com/" "Mozilla/5.0 (Windows NT 10.0; Win64; x64) AppleWebKit/537.36 (KHTML, like Gecko) Chrome/142.0.7444.162 Safari/537.36" "57.155.170.192" response-time=0.004
57.155.170.192 - - [23/Apr/2026:16:49:32 +0000] "GET /media/photos/products/53012_gioi-thieu-mouse-logitech-g102-lightsync-rgb-black.jpg HTTP/1.1" 200 193137 "https://cuong1512.pythonanywhere.com/" "Mozilla/5.0 (Windows NT 10.0; Win64; x64) AppleWebKit/537.36 (KHTML, like Gecko) Chrome/142.0.7444.162 Safari/537.36" "57.155.170.192" response-time=0.006
57.155.170.192 - - [23/Apr/2026:16:49:32 +0000] "GET /media/photos/products/7dd481290b522efb54c379de34886e0b.jpg HTTP/1.1" 200 761692 "https://cuong1512.pythonanywhere.com/" "Mozilla/5.0 (Windows NT 10.0; Win64; x64) AppleWebKit/537.36 (KHTML, like Gecko) Chrome/142.0.7444.162 Safari/537.36" "57.155.170.192" response-time=0.012
57.155.170.192 - - [23/Apr/2026:16:49:32 +0000] "GET /media/photos/products/airpods-pro.jpg HTTP/1.1" 200 44405 "https://cuong1512.pythonanywhere.com/" "Mozilla/5.0 (Windows NT 10.0; Win64; x64) AppleWebKit/537.36 (KHTML, like Gecko) Chrome/142.0.7444.162 Safari/537.36" "57.155.170.192" response-time=0.004
57.155.170.192 - - [23/Apr/2026:16:49:32 +0000] "GET /media/photos/products/acer_nitro_5_1.png HTTP/1.1" 200 1173401 "https://cuong1512.pythonanywhere.com/" "Mozilla/5.0 (Windows NT 10.0; Win64; x64) AppleWebKit/537.36 (KHTML, like Gecko) Chrome/142.0.7444.162 Safari/537.36" "57.155.170.192" response-time=0.018
57.155.170.192 - - [23/Apr/2026:16:49:32 +0000] "GET /media/photos/products/1007_DSC02881-2.jpg HTTP/1.1" 200 37604 "https://cuong1512.pythonanywhere.com/" "Mozilla/5.0 (Windows NT 10.0; Win64; x64) AppleWebKit/537.36 (KHTML, like Gecko) Chrome/142.0.7444.162 Safari/537.36" "57.155.170.192" response-time=0.004
57.155.170.192 - - [23/Apr/2026:16:49:32 +0000] "GET /media/photos/products/41s4LbRyUDL._AC_UF10001000_QL80_DpWeblab_.jpg HTTP/1.1" 200 50253 "https://cuong1512.pythonanywhere.com/" "Mozilla/5.0 (Windows NT 10.0; Win64; x64) AppleWebKit/537.36 (KHTML, like Gecko) Chrome/142.0.7444.162 Safari/537.36" "57.155.170.192" response-time=0.004
57.155.170.192 - - [23/Apr/2026:16:49:32 +0000] "GET /static/css/responsive.css HTTP/1.1" 200 473 "https://cuong1512.pythonanywhere.com/" "Mozilla/5.0 (Windows NT 10.0; Win64; x64) AppleWebKit/537.36 (KHTML, like Gecko) Chrome/142.0.7444.162 Safari/537.36" "57.155.170.192" response-time=0.003
57.155.170.192 - - [23/Apr/2026:16:49:33 +0000] "GET /static/fonts/fontawesome/webfonts/fa-brands-400.woff2 HTTP/1.1" 404 179 "https://cuong1512.pythonanywhere.com/static/fonts/fontawesome/css/all.min.css" "Mozilla/5.0 (Windows NT 10.0; Win64; x64) AppleWebKit/537.36 (KHTML, like Gecko) Chrome/142.0.7444.162 Safari/537.36" "57.155.170.192" response-time=0.044
57.155.170.192 - - [23/Apr/2026:16:49:33 +0000] "GET /static/fonts/fontawesome/webfonts/fa-brands-400.woff HTTP/1.1" 404 179 "https://cuong1512.pythonanywhere.com/static/fonts/fontawesome/css/all.min.css" "Mozilla/5.0 (Windows NT 10.0; Win64; x64) AppleWebKit/537.36 (KHTML, like Gecko) Chrome/142.0.7444.162 Safari/537.36" "57.155.170.192" response-time=0.002
57.155.170.192 - - [23/Apr/2026:16:49:34 +0000] "GET /static/fonts/fontawesome/webfonts/fa-brands-400.ttf HTTP/1.1" 404 179 "https://cuong1512.pythonanywhere.com/static/fonts/fontawesome/css/all.min.css" "Mozilla/5.0 (Windows NT 10.0; Win64; x64) AppleWebKit/537.36 (KHTML, like Gecko) Chrome/142.0.7444.162 Safari/537.36" "57.155.170.192" response-time=0.004
57.155.170.192 - - [23/Apr/2026:16:49:35 +0000] "GET /static/images/faviconn.png HTTP/1.1" 200 1806 "https://cuong1512.pythonanywhere.com/" "Mozilla/5.0 (Windows NT 10.0; Win64; x64) AppleWebKit/537.36 (KHTML, like Gecko) Chrome/142.0.7444.162 Safari/537.36" "57.155.170.192" response-time=0.003
193.254.28.196 - - [23/Apr/2026:16:50:35 +0000] "GET /store/category/chuot-may-tinh/Chuot-Logitech-G102/ HTTP/1.1" 200 18606 "-" "Mozilla/5.0 (Windows NT 6.1; Win64; x64) AppleWebKit/537.36 (KHTML, like Gecko) Chrome/140.0.7339.0 Safari/537.36" "193.254.28.196" response-time=0.283
57.155.170.192 - - [23/Apr/2026:16:50:36 +0000] "GET /static/fonts/fontawesome/css/all.min.css HTTP/1.1" 200 12111 "https://cuong1512.pythonanywhere.com/store/category/chuot-may-tinh/Chuot-Logitech-G102/" "Mozilla/5.0 (Windows NT 6.1; Win64; x64) AppleWebKit/537.36 (KHTML, like Gecko) Chrome/140.0.7339.0 Safari/537.36" "57.155.170.192" response-time=0.003
57.155.170.192 - - [23/Apr/2026:16:50:36 +0000] "GET /static/css/ui.css HTTP/1.1" 200 5240 "https://cuong1512.pythonanywhere.com/store/category/chuot-may-tinh/Chuot-Logitech-G102/" "Mozilla/5.0 (Windows NT 6.1; Win64; x64) AppleWebKit/537.36 (KHTML, like Gecko) Chrome/140.0.7339.0 Safari/537.36" "57.155.170.192" response-time=0.002
57.155.170.192 - - [23/Apr/2026:16:50:36 +0000] "GET /static/css/custom.css HTTP/1.1" 200 2837 "https://cuong1512.pythonanywhere.com/store/category/chuot-may-tinh/Chuot-Logitech-G102/" "Mozilla/5.0 (Windows NT 6.1; Win64; x64) AppleWebKit/537.36 (KHTML, like Gecko) Chrome/140.0.7339.0 Safari/537.36" "57.155.170.192" response-time=0.001
57.155.170.192 - - [23/Apr/2026:16:50:36 +0000] "GET /static/js/script.js HTTP/1.1" 200 569 "https://cuong1512.pythonanywhere.com/store/category/chuot-may-tinh/Chuot-Logitech-G102/" "Mozilla/5.0 (Windows NT 6.1; Win64; x64) AppleWebKit/537.36 (KHTML, like Gecko) Chrome/140.0.7339.0 Safari/537.36" "57.155.170.192" response-time=0.001
57.155.170.192 - - [23/Apr/2026:16:50:36 +0000] "GET /static/images/hihi.png HTTP/1.1" 200 9533 "https://cuong1512.pythonanywhere.com/store/category/chuot-may-tinh/Chuot-Logitech-G102/" "Mozilla/5.0 (Windows NT 6.1; Win64; x64) AppleWebKit/537.36 (KHTML, like Gecko) Chrome/140.0.7339.0 Safari/537.36" "57.155.170.192" response-time=0.001
57.155.170.192 - - [23/Apr/2026:16:50:36 +0000] "GET /media/photos/products/53012_gioi-thieu-mouse-logitech-g102-lightsync-rgb-black.jpg HTTP/1.1" 200 193137 "https://cuong1512.pythonanywhere.com/store/category/chuot-may-tinh/Chuot-Logitech-G102/" "Mozilla/5.0 (Windows NT 6.1; Win64; x64) AppleWebKit/537.36 (KHTML, like Gecko) Chrome/140.0.7339.0 Safari/537.36" "57.155.170.192" response-time=0.003
57.155.170.192 - - [23/Apr/2026:16:50:36 +0000] "GET /media/store/products/th_1.jpg HTTP/1.1" 200 5139 "https://cuong1512.pythonanywhere.com/store/category/chuot-may-tinh/Chuot-Logitech-G102/" "Mozilla/5.0 (Windows NT 6.1; Win64; x64) AppleWebKit/537.36 (KHTML, like Gecko) Chrome/140.0.7339.0 Safari/537.36" "57.155.170.192" response-time=0.005
57.155.170.192 - - [23/Apr/2026:16:50:37 +0000] "GET /media/store/products/53013_mouse_logitech_g102_lightsync_rgb_white_0000_1.jpg HTTP/1.1" 200 26795 "https://cuong1512.pythonanywhere.com/store/category/chuot-may-tinh/Chuot-Logitech-G102/" "Mozilla/5.0 (Windows NT 6.1; Win64; x64) AppleWebKit/537.36 (KHTML, like Gecko) Chrome/140.0.7339.0 Safari/537.36" "57.155.170.192" response-time=0.003
57.155.170.192 - - [23/Apr/2026:16:50:37 +0000] "GET /static/css/responsive.css HTTP/1.1" 200 473 "https://cuong1512.pythonanywhere.com/store/category/chuot-may-tinh/Chuot-Logitech-G102/" "Mozilla/5.0 (Windows NT 6.1; Win64; x64) AppleWebKit/537.36 (KHTML, like Gecko) Chrome/140.0.7339.0 Safari/537.36" "57.155.170.192" response-time=0.003
57.155.170.192 - - [23/Apr/2026:16:50:37 +0000] "GET /media/store/products/2.jpg HTTP/1.1" 200 422442 "https://cuong1512.pythonanywhere.com/store/category/chuot-may-tinh/Chuot-Logitech-G102/" "Mozilla/5.0 (Windows NT 6.1; Win64; x64) AppleWebKit/537.36 (KHTML, like Gecko) Chrome/140.0.7339.0 Safari/537.36" "57.155.170.192" response-time=0.007
57.155.170.192 - - [23/Apr/2026:16:50:37 +0000] "GET /static/fonts/fontawesome/webfonts/fa-brands-400.woff2 HTTP/1.1" 404 179 "https://cuong1512.pythonanywhere.com/static/fonts/fontawesome/css/all.min.css" "Mozilla/5.0 (Windows NT 6.1; Win64; x64) AppleWebKit/537.36 (KHTML, like Gecko) Chrome/140.0.7339.0 Safari/537.36" "57.155.170.192" response-time=0.003
57.155.170.192 - - [23/Apr/2026:16:50:37 +0000] "GET /static/fonts/fontawesome/webfonts/fa-solid-900.woff2 HTTP/1.1" 404 179 "https://cuong1512.pythonanywhere.com/static/fonts/fontawesome/css/all.min.css" "Mozilla/5.0 (Windows NT 6.1; Win64; x64) AppleWebKit/537.36 (KHTML, like Gecko) Chrome/140.0.7339.0 Safari/537.36" "57.155.170.192" response-time=0.002
57.155.170.192 - - [23/Apr/2026:16:50:38 +0000] "GET /static/fonts/fontawesome/webfonts/fa-brands-400.woff HTTP/1.1" 404 179 "https://cuong1512.pythonanywhere.com/static/fonts/fontawesome/css/all.min.css" "Mozilla/5.0 (Windows NT 6.1; Win64; x64) AppleWebKit/537.36 (KHTML, like Gecko) Chrome/140.0.7339.0 Safari/537.36" "57.155.170.192" response-time=0.003
57.155.170.192 - - [23/Apr/2026:16:50:38 +0000] "GET /static/fonts/fontawesome/webfonts/fa-solid-900.woff HTTP/1.1" 404 179 "https://cuong1512.pythonanywhere.com/static/fonts/fontawesome/css/all.min.css" "Mozilla/5.0 (Windows NT 6.1; Win64; x64) AppleWebKit/537.36 (KHTML, like Gecko) Chrome/140.0.7339.0 Safari/537.36" "57.155.170.192" response-time=0.001
57.155.170.192 - - [23/Apr/2026:16:50:38 +0000] "GET /static/fonts/fontawesome/webfonts/fa-solid-900.ttf HTTP/1.1" 404 179 "https://cuong1512.pythonanywhere.com/static/fonts/fontawesome/css/all.min.css" "Mozilla/5.0 (Windows NT 6.1; Win64; x64) AppleWebKit/537.36 (KHTML, like Gecko) Chrome/140.0.7339.0 Safari/537.36" "57.155.170.192" response-time=0.001
57.155.170.192 - - [23/Apr/2026:16:50:38 +0000] "GET /static/fonts/fontawesome/webfonts/fa-brands-400.ttf HTTP/1.1" 404 179 "https://cuong1512.pythonanywhere.com/static/fonts/fontawesome/css/all.min.css" "Mozilla/5.0 (Windows NT 6.1; Win64; x64) AppleWebKit/537.36 (KHTML, like Gecko) Chrome/140.0.7339.0 Safari/537.36" "57.155.170.192" response-time=0.001
57.155.170.192 - - [23/Apr/2026:16:50:38 +0000] "GET /static/images/faviconn.png HTTP/1.1" 200 1806 "https://cuong1512.pythonanywhere.com/store/category/chuot-may-tinh/Chuot-Logitech-G102/" "Mozilla/5.0 (Windows NT 6.1; Win64; x64) AppleWebKit/537.36 (KHTML, like Gecko) Chrome/140.0.7339.0 Safari/537.36" "57.155.170.192" response-time=0.001
104.210.140.133 - - [23/Apr/2026:21:29:09 +0000] "GET /robots.txt HTTP/1.1" 404 179 "-" "Mozilla/5.0 (Macintosh; Intel Mac OS X 10_15_7) AppleWebKit/537.36 (KHTML, like Gecko) Chrome/131.0.0.0 Safari/537.36; compatible; OAI-SearchBot/1.0; +https://openai.com/searchbot" "104.210.140.133" response-time=0.281
104.210.140.140 - - [23/Apr/2026:21:29:09 +0000] "GET /robots.txt HTTP/1.1" 404 179 "-" "Mozilla/5.0 (Macintosh; Intel Mac OS X 10_15_7) AppleWebKit/537.36 (KHTML, like Gecko) Chrome/131.0.0.0 Safari/537.36; compatible; OAI-SearchBot/1.0; +https://openai.com/searchbot" "104.210.140.140" response-time=0.026
207.46.13.156 - - [24/Apr/2026:00:23:07 +0000] "GET / HTTP/1.1" 200 4810 "-" "Mozilla/5.0 AppleWebKit/537.36 (KHTML, like Gecko; compatible; bingbot/2.0; +http://www.bing.com/bingbot.htm) Chrome/116.0.1938.76 Safari/537.36" "207.46.13.156" response-time=0.844
65.55.210.81 - - [24/Apr/2026:00:23:20 +0000] "GET /static/fonts/fontawesome/webfonts/fa-brands-400.woff2 HTTP/1.1" 404 179 "https://cuong1512.pythonanywhere.com/static/fonts/fontawesome/css/all.min.css" "Mozilla/5.0 AppleWebKit/537.36 (KHTML, like Gecko; compatible; bingbot/2.0; +http://www.bing.com/bingbot.htm) Chrome/136.0.0.0 Safari/537.36" "65.55.210.81" response-time=0.009
199.30.24.2 - - [24/Apr/2026:00:23:22 +0000] "GET /static/fonts/fontawesome/webfonts/fa-brands-400.woff HTTP/1.1" 404 179 "https://cuong1512.pythonanywhere.com/static/fonts/fontawesome/css/all.min.css" "Mozilla/5.0 AppleWebKit/537.36 (KHTML, like Gecko; compatible; bingbot/2.0; +http://www.bing.com/bingbot.htm) Chrome/136.0.0.0 Safari/537.36" "199.30.24.2" response-time=0.002
40.77.178.39 - - [24/Apr/2026:00:23:22 +0000] "GET /static/fonts/fontawesome/webfonts/fa-brands-400.ttf HTTP/1.1" 404 179 "https://cuong1512.pythonanywhere.com/static/fonts/fontawesome/css/all.min.css" "Mozilla/5.0 AppleWebKit/537.36 (KHTML, like Gecko; compatible; bingbot/2.0; +http://www.bing.com/bingbot.htm) Chrome/136.0.0.0 Safari/537.36" "40.77.178.39" response-time=0.012
14.244.51.34 - - [24/Apr/2026:17:27:30 +0000] "GET / HTTP/1.1" 200 4810 "https://github.com/cuong-sadboi/code-web-django" "Mozilla/5.0 (Linux; Android 10; K) AppleWebKit/537.36 (KHTML, like Gecko) Chrome/147.0.0.0 Mobile Safari/537.36" "14.244.51.34" response-time=0.953
14.244.51.34 - - [24/Apr/2026:17:27:31 +0000] "GET /static/fonts/fontawesome/css/all.min.css HTTP/1.1" 200 12111 "https://cuong1512.pythonanywhere.com/" "Mozilla/5.0 (Linux; Android 10; K) AppleWebKit/537.36 (KHTML, like Gecko) Chrome/147.0.0.0 Mobile Safari/537.36" "14.244.51.34" response-time=0.011
14.244.51.34 - - [24/Apr/2026:17:27:31 +0000] "GET /static/css/ui.css HTTP/1.1" 200 5240 "https://cuong1512.pythonanywhere.com/" "Mozilla/5.0 (Linux; Android 10; K) AppleWebKit/537.36 (KHTML, like Gecko) Chrome/147.0.0.0 Mobile Safari/537.36" "14.244.51.34" response-time=0.011
14.244.51.34 - - [24/Apr/2026:17:27:31 +0000] "GET /static/css/custom.css HTTP/1.1" 200 2837 "https://cuong1512.pythonanywhere.com/" "Mozilla/5.0 (Linux; Android 10; K) AppleWebKit/537.36 (KHTML, like Gecko) Chrome/147.0.0.0 Mobile Safari/537.36" "14.244.51.34" response-time=0.004
14.244.51.34 - - [24/Apr/2026:17:27:31 +0000] "GET /static/css/responsive.css HTTP/1.1" 200 473 "https://cuong1512.pythonanywhere.com/" "Mozilla/5.0 (Linux; Android 10; K) AppleWebKit/537.36 (KHTML, like Gecko) Chrome/147.0.0.0 Mobile Safari/537.36" "14.244.51.34" response-time=0.003
14.244.51.34 - - [24/Apr/2026:17:27:31 +0000] "GET /static/js/script.js HTTP/1.1" 200 569 "https://cuong1512.pythonanywhere.com/" "Mozilla/5.0 (Linux; Android 10; K) AppleWebKit/537.36 (KHTML, like Gecko) Chrome/147.0.0.0 Mobile Safari/537.36" "14.244.51.34" response-time=0.004
14.244.51.34 - - [24/Apr/2026:17:27:32 +0000] "GET /static/images/hihi.png HTTP/1.1" 200 9533 "https://cuong1512.pythonanywhere.com/" "Mozilla/5.0 (Linux; Android 10; K) AppleWebKit/537.36 (KHTML, like Gecko) Chrome/147.0.0.0 Mobile Safari/537.36" "14.244.51.34" response-time=0.005
14.244.51.34 - - [24/Apr/2026:17:27:32 +0000] "GET /static/images/banners/banner.png HTTP/1.1" 200 17762181 "https://cuong1512.pythonanywhere.com/" "Mozilla/5.0 (Linux; Android 10; K) AppleWebKit/537.36 (KHTML, like Gecko) Chrome/147.0.0.0 Mobile Safari/537.36" "14.244.51.34" response-time=0.121
14.244.51.34 - - [24/Apr/2026:17:27:32 +0000] "GET /media/photos/products/61dOw-7liOL._AC_SL1500_.jpg HTTP/1.1" 200 78558 "https://cuong1512.pythonanywhere.com/" "Mozilla/5.0 (Linux; Android 10; K) AppleWebKit/537.36 (KHTML, like Gecko) Chrome/147.0.0.0 Mobile Safari/537.36" "14.244.51.34" response-time=0.014
14.244.51.34 - - [24/Apr/2026:17:27:32 +0000] "GET /media/photos/products/Samsung-Galaxy-S24-Ultra.png HTTP/1.1" 200 88765 "https://cuong1512.pythonanywhere.com/" "Mozilla/5.0 (Linux; Android 10; K) AppleWebKit/537.36 (KHTML, like Gecko) Chrome/147.0.0.0 Mobile Safari/537.36" "14.244.51.34" response-time=0.003
14.244.51.34 - - [24/Apr/2026:17:27:33 +0000] "GET /media/photos/products/iPhone-15.jpg HTTP/1.1" 200 32338 "https://cuong1512.pythonanywhere.com/" "Mozilla/5.0 (Linux; Android 10; K) AppleWebKit/537.36 (KHTML, like Gecko) Chrome/147.0.0.0 Mobile Safari/537.36" "14.244.51.34" response-time=0.003
14.244.51.34 - - [24/Apr/2026:17:27:33 +0000] "GET /media/photos/products/53012_gioi-thieu-mouse-logitech-g102-lightsync-rgb-black.jpg HTTP/1.1" 200 193137 "https://cuong1512.pythonanywhere.com/" "Mozilla/5.0 (Linux; Android 10; K) AppleWebKit/537.36 (KHTML, like Gecko) Chrome/147.0.0.0 Mobile Safari/537.36" "14.244.51.34" response-time=0.005
14.244.51.34 - - [24/Apr/2026:17:27:33 +0000] "GET /media/photos/products/airpods-pro.jpg HTTP/1.1" 200 44405 "https://cuong1512.pythonanywhere.com/" "Mozilla/5.0 (Linux; Android 10; K) AppleWebKit/537.36 (KHTML, like Gecko) Chrome/147.0.0.0 Mobile Safari/537.36" "14.244.51.34" response-time=0.006
14.244.51.34 - - [24/Apr/2026:17:27:33 +0000] "GET /media/photos/products/7dd481290b522efb54c379de34886e0b.jpg HTTP/1.1" 200 761692 "https://cuong1512.pythonanywhere.com/" "Mozilla/5.0 (Linux; Android 10; K) AppleWebKit/537.36 (KHTML, like Gecko) Chrome/147.0.0.0 Mobile Safari/537.36" "14.244.51.34" response-time=0.013
14.244.51.34 - - [24/Apr/2026:17:27:33 +0000] "GET /media/photos/products/acer_nitro_5_1.png HTTP/1.1" 200 1173401 "https://cuong1512.pythonanywhere.com/" "Mozilla/5.0 (Linux; Android 10; K) AppleWebKit/537.36 (KHTML, like Gecko) Chrome/147.0.0.0 Mobile Safari/537.36" "14.244.51.34" response-time=0.017
14.244.51.34 - - [24/Apr/2026:17:27:33 +0000] "GET /static/fonts/fontawesome/webfonts/fa-brands-400.woff2 HTTP/1.1" 404 179 "https://cuong1512.pythonanywhere.com/static/fonts/fontawesome/css/all.min.css" "Mozilla/5.0 (Linux; Android 10; K) AppleWebKit/537.36 (KHTML, like Gecko) Chrome/147.0.0.0 Mobile Safari/537.36" "14.244.51.34" response-time=0.023
14.244.51.34 - - [24/Apr/2026:17:27:33 +0000] "GET /media/photos/products/1007_DSC02881-2.jpg HTTP/1.1" 200 37604 "https://cuong1512.pythonanywhere.com/" "Mozilla/5.0 (Linux; Android 10; K) AppleWebKit/537.36 (KHTML, like Gecko) Chrome/147.0.0.0 Mobile Safari/537.36" "14.244.51.34" response-time=0.003
14.244.51.34 - - [24/Apr/2026:17:27:34 +0000] "GET /static/fonts/fontawesome/webfonts/fa-brands-400.woff HTTP/1.1" 404 179 "https://cuong1512.pythonanywhere.com/static/fonts/fontawesome/css/all.min.css" "Mozilla/5.0 (Linux; Android 10; K) AppleWebKit/537.36 (KHTML, like Gecko) Chrome/147.0.0.0 Mobile Safari/537.36" "14.244.51.34" response-time=0.001
14.244.51.34 - - [24/Apr/2026:17:27:34 +0000] "GET /media/photos/products/41s4LbRyUDL._AC_UF10001000_QL80_DpWeblab_.jpg HTTP/1.1" 200 50253 "https://cuong1512.pythonanywhere.com/" "Mozilla/5.0 (Linux; Android 10; K) AppleWebKit/537.36 (KHTML, like Gecko) Chrome/147.0.0.0 Mobile Safari/537.36" "14.244.51.34" response-time=0.003
14.244.51.34 - - [24/Apr/2026:17:27:34 +0000] "GET /static/fonts/fontawesome/webfonts/fa-brands-400.ttf HTTP/1.1" 404 179 "https://cuong1512.pythonanywhere.com/static/fonts/fontawesome/css/all.min.css" "Mozilla/5.0 (Linux; Android 10; K) AppleWebKit/537.36 (KHTML, like Gecko) Chrome/147.0.0.0 Mobile Safari/537.36" "14.244.51.34" response-time=0.002
14.244.51.34 - - [24/Apr/2026:17:27:42 +0000] "GET /static/images/faviconn.png HTTP/1.1" 200 1806 "https://cuong1512.pythonanywhere.com/" "Mozilla/5.0 (Linux; Android 10; K) AppleWebKit/537.36 (KHTML, like Gecko) Chrome/147.0.0.0 Mobile Safari/537.36" "14.244.51.34" response-time=0.002
14.244.51.34 - - [24/Apr/2026:17:27:53 +0000] "GET / HTTP/1.1" 200 4810 "-" "Mozilla/5.0 (X11; Linux x86_64) AppleWebKit/537.36 (KHTML, like Gecko) Chrome/147.0.0.0 Safari/537.36" "14.244.51.34" response-time=0.500
14.244.51.34 - - [24/Apr/2026:17:27:53 +0000] "GET /static/fonts/fontawesome/webfonts/fa-brands-400.woff2 HTTP/1.1" 404 179 "https://cuong1512.pythonanywhere.com/static/fonts/fontawesome/css/all.min.css" "Mozilla/5.0 (X11; Linux x86_64) AppleWebKit/537.36 (KHTML, like Gecko) Chrome/147.0.0.0 Safari/537.36" "14.244.51.34" response-time=0.001
14.244.51.34 - - [24/Apr/2026:17:27:54 +0000] "GET /static/fonts/fontawesome/webfonts/fa-brands-400.woff HTTP/1.1" 404 179 "https://cuong1512.pythonanywhere.com/static/fonts/fontawesome/css/all.min.css" "Mozilla/5.0 (X11; Linux x86_64) AppleWebKit/537.36 (KHTML, like Gecko) Chrome/147.0.0.0 Safari/537.36" "14.244.51.34" response-time=0.003
14.244.51.34 - - [24/Apr/2026:17:27:54 +0000] "GET /static/fonts/fontawesome/webfonts/fa-brands-400.ttf HTTP/1.1" 404 179 "https://cuong1512.pythonanywhere.com/static/fonts/fontawesome/css/all.min.css" "Mozilla/5.0 (X11; Linux x86_64) AppleWebKit/537.36 (KHTML, like Gecko) Chrome/147.0.0.0 Safari/537.36" "14.244.51.34" response-time=0.002
14.244.51.34 - - [24/Apr/2026:17:28:05 +0000] "GET /accounts/login/ HTTP/1.1" 200 3822 "https://cuong1512.pythonanywhere.com/" "Mozilla/5.0 (X11; Linux x86_64) AppleWebKit/537.36 (KHTML, like Gecko) Chrome/147.0.0.0 Safari/537.36" "14.244.51.34" response-time=0.056
14.244.51.34 - - [24/Apr/2026:17:28:06 +0000] "GET /static/fonts/fontawesome/webfonts/fa-brands-400.woff2 HTTP/1.1" 404 179 "https://cuong1512.pythonanywhere.com/static/fonts/fontawesome/css/all.min.css" "Mozilla/5.0 (X11; Linux x86_64) AppleWebKit/537.36 (KHTML, like Gecko) Chrome/147.0.0.0 Safari/537.36" "14.244.51.34" response-time=0.004
14.244.51.34 - - [24/Apr/2026:17:28:06 +0000] "GET /static/fonts/fontawesome/webfonts/fa-brands-400.woff HTTP/1.1" 404 179 "https://cuong1512.pythonanywhere.com/static/fonts/fontawesome/css/all.min.css" "Mozilla/5.0 (X11; Linux x86_64) AppleWebKit/537.36 (KHTML, like Gecko) Chrome/147.0.0.0 Safari/537.36" "14.244.51.34" response-time=0.002
14.244.51.34 - - [24/Apr/2026:17:28:06 +0000] "GET /static/fonts/fontawesome/webfonts/fa-brands-400.ttf HTTP/1.1" 404 179 "https://cuong1512.pythonanywhere.com/static/fonts/fontawesome/css/all.min.css" "Mozilla/5.0 (X11; Linux x86_64) AppleWebKit/537.36 (KHTML, like Gecko) Chrome/147.0.0.0 Safari/537.36" "14.244.51.34" response-time=0.002
14.244.51.34 - - [24/Apr/2026:17:28:09 +0000] "GET /accounts/register/ HTTP/1.1" 200 4133 "https://cuong1512.pythonanywhere.com/" "Mozilla/5.0 (X11; Linux x86_64) AppleWebKit/537.36 (KHTML, like Gecko) Chrome/147.0.0.0 Safari/537.36" "14.244.51.34" response-time=0.157
14.244.51.34 - - [24/Apr/2026:17:28:09 +0000] "GET /static/fonts/fontawesome/webfonts/fa-brands-400.woff2 HTTP/1.1" 404 179 "https://cuong1512.pythonanywhere.com/static/fonts/fontawesome/css/all.min.css" "Mozilla/5.0 (X11; Linux x86_64) AppleWebKit/537.36 (KHTML, like Gecko) Chrome/147.0.0.0 Safari/537.36" "14.244.51.34" response-time=0.001
14.244.51.34 - - [24/Apr/2026:17:28:10 +0000] "GET /static/fonts/fontawesome/webfonts/fa-brands-400.woff HTTP/1.1" 404 179 "https://cuong1512.pythonanywhere.com/static/fonts/fontawesome/css/all.min.css" "Mozilla/5.0 (X11; Linux x86_64) AppleWebKit/537.36 (KHTML, like Gecko) Chrome/147.0.0.0 Safari/537.36" "14.244.51.34" response-time=0.001
14.244.51.34 - - [24/Apr/2026:17:28:10 +0000] "GET /static/fonts/fontawesome/webfonts/fa-brands-400.ttf HTTP/1.1" 404 179 "https://cuong1512.pythonanywhere.com/static/fonts/fontawesome/css/all.min.css" "Mozilla/5.0 (X11; Linux x86_64) AppleWebKit/537.36 (KHTML, like Gecko) Chrome/147.0.0.0 Safari/537.36" "14.244.51.34" response-time=0.001
14.244.51.34 - - [24/Apr/2026:17:28:23 +0000] "GET /store/category/dien-thoai/Samsun-S24-Ultra/ HTTP/1.1" 200 5123 "https://cuong1512.pythonanywhere.com/" "Mozilla/5.0 (X11; Linux x86_64) AppleWebKit/537.36 (KHTML, like Gecko) Chrome/147.0.0.0 Safari/537.36" "14.244.51.34" response-time=0.183
14.244.51.34 - - [24/Apr/2026:17:28:23 +0000] "GET /media/store/products/th.jpg HTTP/1.1" 200 7555 "https://cuong1512.pythonanywhere.com/store/category/dien-thoai/Samsun-S24-Ultra/" "Mozilla/5.0 (X11; Linux x86_64) AppleWebKit/537.36 (KHTML, like Gecko) Chrome/147.0.0.0 Safari/537.36" "14.244.51.34" response-time=0.007
14.244.51.34 - - [24/Apr/2026:17:28:23 +0000] "GET /media/store/products/Samsung-galaxy-s24-plus-ultra.jpg HTTP/1.1" 200 362334 "https://cuong1512.pythonanywhere.com/store/category/dien-thoai/Samsun-S24-Ultra/" "Mozilla/5.0 (X11; Linux x86_64) AppleWebKit/537.36 (KHTML, like Gecko) Chrome/147.0.0.0 Safari/537.36" "14.244.51.34" response-time=0.010
14.244.51.34 - - [24/Apr/2026:17:28:24 +0000] "GET /static/fonts/fontawesome/webfonts/fa-brands-400.woff2 HTTP/1.1" 404 179 "https://cuong1512.pythonanywhere.com/static/fonts/fontawesome/css/all.min.css" "Mozilla/5.0 (X11; Linux x86_64) AppleWebKit/537.36 (KHTML, like Gecko) Chrome/147.0.0.0 Safari/537.36" "14.244.51.34" response-time=0.001
14.244.51.34 - - [24/Apr/2026:17:28:24 +0000] "GET /static/fonts/fontawesome/webfonts/fa-solid-900.woff2 HTTP/1.1" 404 179 "https://cuong1512.pythonanywhere.com/static/fonts/fontawesome/css/all.min.css" "Mozilla/5.0 (X11; Linux x86_64) AppleWebKit/537.36 (KHTML, like Gecko) Chrome/147.0.0.0 Safari/537.36" "14.244.51.34" response-time=0.002
14.244.51.34 - - [24/Apr/2026:17:28:24 +0000] "GET /static/fonts/fontawesome/webfonts/fa-brands-400.woff HTTP/1.1" 404 179 "https://cuong1512.pythonanywhere.com/static/fonts/fontawesome/css/all.min.css" "Mozilla/5.0 (X11; Linux x86_64) AppleWebKit/537.36 (KHTML, like Gecko) Chrome/147.0.0.0 Safari/537.36" "14.244.51.34" response-time=0.001
14.244.51.34 - - [24/Apr/2026:17:28:24 +0000] "GET /media/store/products/c203b96b0d25eabcb6c693e1242.png HTTP/1.1" 200 431036 "https://cuong1512.pythonanywhere.com/store/category/dien-thoai/Samsun-S24-Ultra/" "Mozilla/5.0 (X11; Linux x86_64) AppleWebKit/537.36 (KHTML, like Gecko) Chrome/147.0.0.0 Safari/537.36" "14.244.51.34" response-time=0.007
14.244.51.34 - - [24/Apr/2026:17:28:24 +0000] "GET /static/fonts/fontawesome/webfonts/fa-solid-900.woff HTTP/1.1" 404 179 "https://cuong1512.pythonanywhere.com/static/fonts/fontawesome/css/all.min.css" "Mozilla/5.0 (X11; Linux x86_64) AppleWebKit/537.36 (KHTML, like Gecko) Chrome/147.0.0.0 Safari/537.36" "14.244.51.34" response-time=0.001
14.244.51.34 - - [24/Apr/2026:17:28:24 +0000] "GET /static/fonts/fontawesome/webfonts/fa-brands-400.ttf HTTP/1.1" 404 179 "https://cuong1512.pythonanywhere.com/static/fonts/fontawesome/css/all.min.css" "Mozilla/5.0 (X11; Linux x86_64) AppleWebKit/537.36 (KHTML, like Gecko) Chrome/147.0.0.0 Safari/537.36" "14.244.51.34" response-time=0.001
14.244.51.34 - - [24/Apr/2026:17:28:24 +0000] "GET /static/fonts/fontawesome/webfonts/fa-solid-900.ttf HTTP/1.1" 404 179 "https://cuong1512.pythonanywhere.com/static/fonts/fontawesome/css/all.min.css" "Mozilla/5.0 (X11; Linux x86_64) AppleWebKit/537.36 (KHTML, like Gecko) Chrome/147.0.0.0 Safari/537.36" "14.244.51.34" response-time=0.001
104.210.140.137 - - [24/Apr/2026:19:37:02 +0000] "GET /robots.txt HTTP/1.1" 404 179 "-" "Mozilla/5.0 (Macintosh; Intel Mac OS X 10_15_7) AppleWebKit/537.36 (KHTML, like Gecko) Chrome/131.0.0.0 Safari/537.36; compatible; OAI-SearchBot/1.0; +https://openai.com/searchbot" "104.210.140.137" response-time=0.002
104.210.140.139 - - [24/Apr/2026:19:37:02 +0000] "GET /robots.txt HTTP/1.1" 404 179 "-" "Mozilla/5.0 (Macintosh; Intel Mac OS X 10_15_7) AppleWebKit/537.36 (KHTML, like Gecko) Chrome/131.0.0.0 Safari/537.36; compatible; OAI-SearchBot/1.0; +https://openai.com/searchbot" "104.210.140.139" response-time=0.003
154.20.179.229 - - [25/Apr/2026:16:39:26 +0000] "GET / HTTP/1.1" 200 4810 "-" "Mozilla/5.0 (Windows NT 6.1; WOW64; rv:50.0) Gecko/20100101 Firefox/50.0" "154.20.179.229" response-time=0.996
104.210.140.133 - - [25/Apr/2026:19:18:38 +0000] "GET /robots.txt HTTP/1.1" 404 179 "-" "Mozilla/5.0 (Macintosh; Intel Mac OS X 10_15_7) AppleWebKit/537.36 (KHTML, like Gecko) Chrome/131.0.0.0 Safari/537.36; compatible; OAI-SearchBot/1.0; +https://openai.com/searchbot" "104.210.140.133" response-time=0.029
104.210.140.134 - - [25/Apr/2026:19:18:38 +0000] "GET /robots.txt HTTP/1.1" 404 179 "-" "Mozilla/5.0 (Macintosh; Intel Mac OS X 10_15_7) AppleWebKit/537.36 (KHTML, like Gecko) Chrome/131.0.0.0 Safari/537.36; compatible; OAI-SearchBot/1.0; +https://openai.com/searchbot" "104.210.140.134" response-time=0.001
154.20.179.229 - - [25/Apr/2026:19:47:50 +0000] "GET / HTTP/1.1" 200 4810 "-" "Mozilla/5.0 (Windows NT 6.1; WOW64; rv:50.0) Gecko/20100101 Firefox/50.0" "154.20.179.229" response-time=0.668
8.213.197.208 - - [26/Apr/2026:12:10:12 +0000] "GET / HTTP/1.1" 200 4810 "-" "Go-http-client/1.1" "8.213.197.208" response-time=1.052
52.167.144.56 - - [26/Apr/2026:12:45:38 +0000] "GET /robots.txt HTTP/1.1" 404 179 "-" "Mozilla/5.0 AppleWebKit/537.36 (KHTML, like Gecko; compatible; bingbot/2.0; +http://www.bing.com/bingbot.htm) Chrome/116.0.1938.76 Safari/537.36" "52.167.144.56" response-time=0.030
40.77.167.126 - - [26/Apr/2026:12:45:46 +0000] "GET /store/ HTTP/1.1" 200 4968 "-" "Mozilla/5.0 AppleWebKit/537.36 (KHTML, like Gecko; compatible; bingbot/2.0; +http://www.bing.com/bingbot.htm) Chrome/116.0.1938.76 Safari/537.36" "40.77.167.126" response-time=0.149
52.167.144.204 - - [26/Apr/2026:12:46:12 +0000] "GET /static/fonts/fontawesome/webfonts/fa-brands-400.woff2 HTTP/1.1" 404 179 "https://cuong1512.pythonanywhere.com/static/fonts/fontawesome/css/all.min.css" "Mozilla/5.0 AppleWebKit/537.36 (KHTML, like Gecko; compatible; bingbot/2.0; +http://www.bing.com/bingbot.htm) Chrome/136.0.0.0 Safari/537.36 AppleWebKit/537.36 (KHTML, like Gecko; compatible; bingbot/2.0; +http://www.bing.com/bingbot.htm) Chrome/116.0.1938.76 Safari/537.36" "52.167.144.204" response-time=0.015
52.167.144.204 - - [26/Apr/2026:12:46:12 +0000] "GET /static/fonts/fontawesome/webfonts/fa-brands-400.woff HTTP/1.1" 404 179 "https://cuong1512.pythonanywhere.com/static/fonts/fontawesome/css/all.min.css" "Mozilla/5.0 AppleWebKit/537.36 (KHTML, like Gecko; compatible; bingbot/2.0; +http://www.bing.com/bingbot.htm) Chrome/136.0.0.0 Safari/537.36 AppleWebKit/537.36 (KHTML, like Gecko; compatible; bingbot/2.0; +http://www.bing.com/bingbot.htm) Chrome/116.0.1938.76 Safari/537.36" "52.167.144.204" response-time=0.003
40.77.167.126 - - [26/Apr/2026:12:46:16 +0000] "GET /static/fonts/fontawesome/webfonts/fa-brands-400.ttf HTTP/1.1" 404 179 "https://cuong1512.pythonanywhere.com/static/fonts/fontawesome/css/all.min.css" "Mozilla/5.0 AppleWebKit/537.36 (KHTML, like Gecko; compatible; bingbot/2.0; +http://www.bing.com/bingbot.htm) Chrome/136.0.0.0 Safari/537.36 AppleWebKit/537.36 (KHTML, like Gecko; compatible; bingbot/2.0; +http://www.bing.com/bingbot.htm) Chrome/116.0.1938.76 Safari/537.36" "40.77.167.126" response-time=0.002
47.116.4.153 - - [26/Apr/2026:14:56:01 +0000] "GET / HTTP/1.1" 200 4810 "-" "Mozilla/5.0 (Windows NT 10.0; Win64; x64) AppleWebKit/537.36 (KHTML, like Gecko) Chrome/92.0.4515.107 Safari/537.36" "10.46.21.82, 47.116.4.153" response-time=0.595
47.103.117.168 - - [26/Apr/2026:14:56:01 +0000] "GET / HTTP/1.1" 200 4810 "-" "Mozilla/5.0 (Windows NT 10.0; Win64; x64) AppleWebKit/537.36 (KHTML, like Gecko) Chrome/92.0.4515.107 Safari/537.36" "47.103.117.168" response-time=0.898
47.116.39.157 - - [26/Apr/2026:14:56:04 +0000] "GET / HTTP/1.1" 200 4810 "-" "Mozilla/5.0 (Windows NT 10.0; Win64; x64) AppleWebKit/537.36 (KHTML, like Gecko) Chrome/92.0.4515.107 Safari/537.36" "47.116.39.157" response-time=0.676
47.116.7.23 - - [26/Apr/2026:14:56:05 +0000] "GET / HTTP/1.1" 200 4810 "-" "Mozilla/5.0 (Windows NT 10.0; Win64; x64) AppleWebKit/537.36 (KHTML, like Gecko) Chrome/92.0.4515.107 Safari/537.36" "10.46.21.82, 47.116.7.23" response-time=1.189
47.100.218.89 - - [26/Apr/2026:14:56:06 +0000] "GET /static/fonts/fontawesome/css/all.min.css HTTP/1.1" 200 12111 "https://cuong1512.pythonanywhere.com/" "Mozilla/5.0 (Windows NT 10.0; Win64; x64) AppleWebKit/537.36 (KHTML, like Gecko) Chrome/92.0.4515.107 Safari/537.36" "47.100.218.89" response-time=0.009
47.116.6.204 - - [26/Apr/2026:14:56:06 +0000] "GET /static/css/ui.css HTTP/1.1" 200 5240 "https://cuong1512.pythonanywhere.com/" "Mozilla/5.0 (Windows NT 10.0; Win64; x64) AppleWebKit/537.36 (KHTML, like Gecko) Chrome/92.0.4515.107 Safari/537.36" "47.116.6.204" response-time=0.006
47.116.67.169 - - [26/Apr/2026:14:56:06 +0000] "GET /static/css/responsive.css HTTP/1.1" 200 473 "https://cuong1512.pythonanywhere.com/" "Mozilla/5.0 (Windows NT 10.0; Win64; x64) AppleWebKit/537.36 (KHTML, like Gecko) Chrome/92.0.4515.107 Safari/537.36" "47.116.67.169" response-time=0.003
47.116.6.204 - - [26/Apr/2026:14:56:06 +0000] "GET /static/css/custom.css HTTP/1.1" 200 2837 "https://cuong1512.pythonanywhere.com/" "Mozilla/5.0 (Windows NT 10.0; Win64; x64) AppleWebKit/537.36 (KHTML, like Gecko) Chrome/92.0.4515.107 Safari/537.36" "47.116.6.204" response-time=0.003
101.133.151.108 - - [26/Apr/2026:14:56:06 +0000] "GET /static/fonts/fontawesome/css/all.min.css HTTP/1.1" 200 12111 "http://cuong1512.pythonanywhere.com/" "Mozilla/5.0 (Windows NT 10.0; Win64; x64) AppleWebKit/537.36 (KHTML, like Gecko) Chrome/92.0.4515.107 Safari/537.36" "10.46.21.82, 101.133.151.108" response-time=0.001
101.133.154.152 - - [26/Apr/2026:14:56:06 +0000] "GET /static/css/custom.css HTTP/1.1" 200 2837 "http://cuong1512.pythonanywhere.com/" "Mozilla/5.0 (Windows NT 10.0; Win64; x64) AppleWebKit/537.36 (KHTML, like Gecko) Chrome/92.0.4515.107 Safari/537.36" "10.46.21.82, 101.133.154.152" response-time=0.001
47.116.67.169 - - [26/Apr/2026:14:56:06 +0000] "GET /static/js/script.js HTTP/1.1" 200 569 "https://cuong1512.pythonanywhere.com/" "Mozilla/5.0 (Windows NT 10.0; Win64; x64) AppleWebKit/537.36 (KHTML, like Gecko) Chrome/92.0.4515.107 Safari/537.36" "47.116.67.169" response-time=0.004
47.116.2.105 - - [26/Apr/2026:14:56:06 +0000] "GET /static/css/responsive.css HTTP/1.1" 200 473 "http://cuong1512.pythonanywhere.com/" "Mozilla/5.0 (Windows NT 10.0; Win64; x64) AppleWebKit/537.36 (KHTML, like Gecko) Chrome/92.0.4515.107 Safari/537.36" "10.46.21.82, 47.116.2.105" response-time=0.000
101.133.224.57 - - [26/Apr/2026:14:56:07 +0000] "GET /static/css/ui.css HTTP/1.1" 200 5240 "http://cuong1512.pythonanywhere.com/" "Mozilla/5.0 (Windows NT 10.0; Win64; x64) AppleWebKit/537.36 (KHTML, like Gecko) Chrome/92.0.4515.107 Safari/537.36" "10.46.21.82, 101.133.224.57" response-time=0.001
101.133.154.152 - - [26/Apr/2026:14:56:07 +0000] "GET /static/js/script.js HTTP/1.1" 200 569 "http://cuong1512.pythonanywhere.com/" "Mozilla/5.0 (Windows NT 10.0; Win64; x64) AppleWebKit/537.36 (KHTML, like Gecko) Chrome/92.0.4515.107 Safari/537.36" "10.46.21.82, 101.133.154.152" response-time=0.001
47.116.76.107 - - [26/Apr/2026:14:56:08 +0000] "GET / HTTP/1.1" 200 4810 "-" "Mozilla/5.0 (Windows NT 10.0; Win64; x64) AppleWebKit/537.36 (KHTML, like Gecko) Chrome/92.0.4515.107 Safari/537.36" "10.46.21.82, 47.116.76.107" response-time=0.767
47.116.71.167 - - [26/Apr/2026:14:56:10 +0000] "GET /static/images/hihi.png HTTP/1.1" 200 9533 "http://cuong1512.pythonanywhere.com/" "Mozilla/5.0 (Windows NT 10.0; Win64; x64) AppleWebKit/537.36 (KHTML, like Gecko) Chrome/92.0.4515.107 Safari/537.36" "10.46.21.82, 47.116.71.167" response-time=0.004
101.133.238.180 - - [26/Apr/2026:14:56:11 +0000] "GET / HTTP/1.1" 200 4810 "-" "Mozilla/5.0 (Windows NT 10.0; Win64; x64) AppleWebKit/537.36 (KHTML, like Gecko) Chrome/92.0.4515.107 Safari/537.36" "101.133.238.180" response-time=0.609
47.116.11.43 - - [26/Apr/2026:14:56:12 +0000] "GET /static/images/hihi.png HTTP/1.1" 200 9533 "https://cuong1512.pythonanywhere.com/" "Mozilla/5.0 (Windows NT 10.0; Win64; x64) AppleWebKit/537.36 (KHTML, like Gecko) Chrome/92.0.4515.107 Safari/537.36" "47.116.11.43" response-time=0.001
101.133.157.199 - - [26/Apr/2026:14:56:14 +0000] "GET /static/fonts/fontawesome/webfonts/fa-brands-400.woff2 HTTP/1.1" 404 179 "https://cuong1512.pythonanywhere.com/static/fonts/fontawesome/css/all.min.css" "Mozilla/5.0 (Windows NT 10.0; Win64; x64) AppleWebKit/537.36 (KHTML, like Gecko) Chrome/92.0.4515.107 Safari/537.36" "101.133.157.199" response-time=0.003
47.116.13.55 - - [26/Apr/2026:14:56:14 +0000] "GET /media/photos/products/iPhone-15.jpg HTTP/1.1" 200 32338 "https://cuong1512.pythonanywhere.com/" "Mozilla/5.0 (Windows NT 10.0; Win64; x64) AppleWebKit/537.36 (KHTML, like Gecko) Chrome/92.0.4515.107 Safari/537.36" "47.116.13.55" response-time=0.012
47.103.117.168 - - [26/Apr/2026:14:56:14 +0000] "GET /media/photos/products/airpods-pro.jpg HTTP/1.1" 200 44405 "https://cuong1512.pythonanywhere.com/" "Mozilla/5.0 (Windows NT 10.0; Win64; x64) AppleWebKit/537.36 (KHTML, like Gecko) Chrome/92.0.4515.107 Safari/537.36" "47.103.117.168" response-time=0.003
101.133.234.39 - - [26/Apr/2026:14:56:14 +0000] "GET /static/images/banners/banner.png HTTP/1.1" 200 17762181 "https://cuong1512.pythonanywhere.com/" "Mozilla/5.0 (Windows NT 10.0; Win64; x64) AppleWebKit/537.36 (KHTML, like Gecko) Chrome/92.0.4515.107 Safari/537.36" "101.133.234.39" response-time=0.140
101.133.157.199 - - [26/Apr/2026:14:56:14 +0000] "GET /media/photos/products/61dOw-7liOL._AC_SL1500_.jpg HTTP/1.1" 200 78558 "https://cuong1512.pythonanywhere.com/" "Mozilla/5.0 (Windows NT 10.0; Win64; x64) AppleWebKit/537.36 (KHTML, like Gecko) Chrome/92.0.4515.107 Safari/537.36" "101.133.157.199" response-time=0.003
47.116.13.55 - - [26/Apr/2026:14:56:15 +0000] "GET /static/fonts/fontawesome/webfonts/fa-brands-400.woff HTTP/1.1" 404 179 "https://cuong1512.pythonanywhere.com/static/fonts/fontawesome/css/all.min.css" "Mozilla/5.0 (Windows NT 10.0; Win64; x64) AppleWebKit/537.36 (KHTML, like Gecko) Chrome/92.0.4515.107 Safari/537.36" "47.116.13.55" response-time=0.002
101.133.151.68 - - [26/Apr/2026:14:56:15 +0000] "GET /media/photos/products/Samsung-Galaxy-S24-Ultra.png HTTP/1.1" 200 88765 "https://cuong1512.pythonanywhere.com/" "Mozilla/5.0 (Windows NT 10.0; Win64; x64) AppleWebKit/537.36 (KHTML, like Gecko) Chrome/92.0.4515.107 Safari/537.36" "101.133.151.68" response-time=0.003
47.116.13.55 - - [26/Apr/2026:14:56:15 +0000] "GET /media/photos/products/53012_gioi-thieu-mouse-logitech-g102-lightsync-rgb-black.jpg HTTP/1.1" 200 193137 "https://cuong1512.pythonanywhere.com/" "Mozilla/5.0 (Windows NT 10.0; Win64; x64) AppleWebKit/537.36 (KHTML, like Gecko) Chrome/92.0.4515.107 Safari/537.36" "47.116.13.55" response-time=0.005
101.133.154.152 - - [26/Apr/2026:14:56:16 +0000] "GET /static/fonts/fontawesome/webfonts/fa-brands-400.ttf HTTP/1.1" 404 179 "https://cuong1512.pythonanywhere.com/static/fonts/fontawesome/css/all.min.css" "Mozilla/5.0 (Windows NT 10.0; Win64; x64) AppleWebKit/537.36 (KHTML, like Gecko) Chrome/92.0.4515.107 Safari/537.36" "101.133.154.152" response-time=0.001
104.210.140.128 - - [26/Apr/2026:18:28:33 +0000] "GET /robots.txt HTTP/1.1" 404 179 "-" "Mozilla/5.0 (Macintosh; Intel Mac OS X 10_15_7) AppleWebKit/537.36 (KHTML, like Gecko) Chrome/131.0.0.0 Safari/537.36; compatible; OAI-SearchBot/1.0; +https://openai.com/searchbot" "104.210.140.128" response-time=0.002
104.210.140.129 - - [26/Apr/2026:18:28:34 +0000] "GET /robots.txt HTTP/1.1" 404 179 "-" "Mozilla/5.0 (Macintosh; Intel Mac OS X 10_15_7) AppleWebKit/537.36 (KHTML, like Gecko) Chrome/131.0.0.0 Safari/537.36; compatible; OAI-SearchBot/1.0; +https://openai.com/searchbot" "104.210.140.129" response-time=0.001
157.55.39.53 - - [26/Apr/2026:19:46:26 +0000] "GET /store/category/ban-phim/ HTTP/1.1" 200 4426 "-" "Mozilla/5.0 AppleWebKit/537.36 (KHTML, like Gecko; compatible; bingbot/2.0; +http://www.bing.com/bingbot.htm) Chrome/116.0.1938.76 Safari/537.36" "157.55.39.53" response-time=0.159
104.210.140.134 - - [27/Apr/2026:16:39:05 +0000] "GET /robots.txt HTTP/1.1" 404 179 "-" "Mozilla/5.0 (Macintosh; Intel Mac OS X 10_15_7) AppleWebKit/537.36 (KHTML, like Gecko) Chrome/131.0.0.0 Safari/537.36; compatible; OAI-SearchBot/1.0; +https://openai.com/searchbot" "104.210.140.134" response-time=0.217
104.210.140.129 - - [27/Apr/2026:16:39:05 +0000] "GET /robots.txt HTTP/1.1" 404 179 "-" "Mozilla/5.0 (Macintosh; Intel Mac OS X 10_15_7) AppleWebKit/537.36 (KHTML, like Gecko) Chrome/131.0.0.0 Safari/537.36; compatible; OAI-SearchBot/1.0; +https://openai.com/searchbot" "104.210.140.129" response-time=0.006
40.77.167.108 - - [28/Apr/2026:09:09:43 +0000] "GET /robots.txt HTTP/1.1" 404 179 "-" "Mozilla/5.0 AppleWebKit/537.36 (KHTML, like Gecko; compatible; bingbot/2.0; +http://www.bing.com/bingbot.htm) Chrome/116.0.1938.76 Safari/537.36" "40.77.167.108" response-time=0.158
40.77.167.51 - - [28/Apr/2026:09:09:54 +0000] "GET /store/category/ban-phim/Ban-Phim-Co-Gaming-E-dra-Ek387-Pro/ HTTP/1.1" 200 5189 "-" "Mozilla/5.0 AppleWebKit/537.36 (KHTML, like Gecko; compatible; bingbot/2.0; +http://www.bing.com/bingbot.htm) Chrome/116.0.1938.76 Safari/537.36" "40.77.167.51" response-time=0.462
40.77.167.51 - - [28/Apr/2026:09:10:06 +0000] "GET /static/fonts/fontawesome/webfonts/fa-brands-400.ttf HTTP/1.1" 404 179 "https://cuong1512.pythonanywhere.com/static/fonts/fontawesome/css/all.min.css" "Mozilla/5.0 AppleWebKit/537.36 (KHTML, like Gecko; compatible; bingbot/2.0; +http://www.bing.com/bingbot.htm) Chrome/136.0.0.0 Safari/537.36 AppleWebKit/537.36 (KHTML, like Gecko; compatible; bingbot/2.0; +http://www.bing.com/bingbot.htm) Chrome/116.0.1938.76 Safari/537.36" "40.77.167.51" response-time=0.009
52.167.144.193 - - [28/Apr/2026:09:10:10 +0000] "GET /static/fonts/fontawesome/webfonts/fa-brands-400.woff2 HTTP/1.1" 404 179 "https://cuong1512.pythonanywhere.com/static/fonts/fontawesome/css/all.min.css" "Mozilla/5.0 AppleWebKit/537.36 (KHTML, like Gecko; compatible; bingbot/2.0; +http://www.bing.com/bingbot.htm) Chrome/136.0.0.0 Safari/537.36 AppleWebKit/537.36 (KHTML, like Gecko; compatible; bingbot/2.0; +http://www.bing.com/bingbot.htm) Chrome/116.0.1938.76 Safari/537.36" "52.167.144.193" response-time=0.004
40.77.167.3 - - [28/Apr/2026:09:10:11 +0000] "GET /static/fonts/fontawesome/webfonts/fa-solid-900.woff2 HTTP/1.1" 404 179 "https://cuong1512.pythonanywhere.com/static/fonts/fontawesome/css/all.min.css" "Mozilla/5.0 AppleWebKit/537.36 (KHTML, like Gecko; compatible; bingbot/2.0; +http://www.bing.com/bingbot.htm) Chrome/136.0.0.0 Safari/537.36 AppleWebKit/537.36 (KHTML, like Gecko; compatible; bingbot/2.0; +http://www.bing.com/bingbot.htm) Chrome/116.0.1938.76 Safari/537.36" "40.77.167.3" response-time=0.003
40.77.167.3 - - [28/Apr/2026:09:10:11 +0000] "GET /static/fonts/fontawesome/webfonts/fa-solid-900.ttf HTTP/1.1" 404 179 "https://cuong1512.pythonanywhere.com/static/fonts/fontawesome/css/all.min.css" "Mozilla/5.0 AppleWebKit/537.36 (KHTML, like Gecko; compatible; bingbot/2.0; +http://www.bing.com/bingbot.htm) Chrome/136.0.0.0 Safari/537.36 AppleWebKit/537.36 (KHTML, like Gecko; compatible; bingbot/2.0; +http://www.bing.com/bingbot.htm) Chrome/116.0.1938.76 Safari/537.36" "40.77.167.3" response-time=0.004
52.167.144.193 - - [28/Apr/2026:09:10:20 +0000] "GET /static/fonts/fontawesome/webfonts/fa-brands-400.woff HTTP/1.1" 404 179 "https://cuong1512.pythonanywhere.com/static/fonts/fontawesome/css/all.min.css" "Mozilla/5.0 AppleWebKit/537.36 (KHTML, like Gecko; compatible; bingbot/2.0; +http://www.bing.com/bingbot.htm) Chrome/136.0.0.0 Safari/537.36 AppleWebKit/537.36 (KHTML, like Gecko; compatible; bingbot/2.0; +http://www.bing.com/bingbot.htm) Chrome/116.0.1938.76 Safari/537.36" "52.167.144.193" response-time=0.002
52.167.144.193 - - [28/Apr/2026:09:10:20 +0000] "GET /static/fonts/fontawesome/webfonts/fa-solid-900.woff HTTP/1.1" 404 179 "https://cuong1512.pythonanywhere.com/static/fonts/fontawesome/css/all.min.css" "Mozilla/5.0 AppleWebKit/537.36 (KHTML, like Gecko; compatible; bingbot/2.0; +http://www.bing.com/bingbot.htm) Chrome/136.0.0.0 Safari/537.36 AppleWebKit/537.36 (KHTML, like Gecko; compatible; bingbot/2.0; +http://www.bing.com/bingbot.htm) Chrome/116.0.1938.76 Safari/537.36" "52.167.144.193" response-time=0.001
104.210.140.136 - - [28/Apr/2026:14:30:55 +0000] "GET /robots.txt HTTP/1.1" 404 179 "-" "Mozilla/5.0 (Macintosh; Intel Mac OS X 10_15_7) AppleWebKit/537.36 (KHTML, like Gecko) Chrome/131.0.0.0 Safari/537.36; compatible; OAI-SearchBot/1.0; +https://openai.com/searchbot" "104.210.140.136" response-time=0.212
104.210.140.128 - - [28/Apr/2026:14:30:55 +0000] "GET /robots.txt HTTP/1.1" 404 179 "-" "Mozilla/5.0 (Macintosh; Intel Mac OS X 10_15_7) AppleWebKit/537.36 (KHTML, like Gecko) Chrome/131.0.0.0 Safari/537.36; compatible; OAI-SearchBot/1.0; +https://openai.com/searchbot" "104.210.140.128" response-time=0.018
221.239.90.67 - - [28/Apr/2026:16:55:01 +0000] "GET / HTTP/1.1" 200 4810 "https://www.baidu.com" "Mozilla/5.0 (Linux; Android 12; redroid12_arm64 Build/SQ1D.220205.004; wv) AppleWebKit/537.36 (KHTML, like Gecko) Version/4.0 Chrome/122.0.6261.119 Mobile Safari/537.36 uni-app" "221.239.90.67" response-time=0.996
52.167.144.179 - - [28/Apr/2026:20:28:00 +0000] "GET / HTTP/1.1" 200 4810 "-" "Mozilla/5.0 AppleWebKit/537.36 (KHTML, like Gecko; compatible; bingbot/2.0; +http://www.bing.com/bingbot.htm) Chrome/116.0.1938.76 Safari/537.36" "52.167.144.179" response-time=0.755
109.166.52.104 - - [29/Apr/2026:03:02:19 +0000] "GET / HTTP/1.1" 200 4810 "-" "Mozilla/5.0 (Windows NT 10.0; Win64; x64) AppleWebKit/537.36 (KHTML, like Gecko) Chrome/145.0.0.0 Safari/537.36" "109.166.52.104" response-time=0.742
109.166.52.104 - - [29/Apr/2026:03:02:20 +0000] "GET /magento_version HTTP/1.1" 404 179 "-" "Mozilla/5.0 (Windows NT 10.0; Win64; x64) AppleWebKit/537.36 (KHTML, like Gecko) Chrome/145.0.0.0 Safari/537.36" "109.166.52.104" response-time=0.032
109.166.52.104 - - [29/Apr/2026:03:02:20 +0000] "GET /RELEASE_NOTES.txt HTTP/1.1" 404 179 "-" "Mozilla/5.0 (Windows NT 10.0; Win64; x64) AppleWebKit/537.36 (KHTML, like Gecko) Chrome/145.0.0.0 Safari/537.36" "109.166.52.104" response-time=0.002
109.166.52.104 - - [29/Apr/2026:03:02:20 +0000] "GET /store/ HTTP/1.1" 200 4968 "-" "Mozilla/5.0 (Windows NT 10.0; Win64; x64) AppleWebKit/537.36 (KHTML, like Gecko) Chrome/145.0.0.0 Safari/537.36" "109.166.52.104" response-time=0.091
109.166.52.104 - - [29/Apr/2026:03:02:21 +0000] "GET /accounts/login/ HTTP/1.1" 200 3824 "-" "Mozilla/5.0 (Windows NT 10.0; Win64; x64) AppleWebKit/537.36 (KHTML, like Gecko) Chrome/145.0.0.0 Safari/537.36" "109.166.52.104" response-time=0.030
109.166.52.104 - - [29/Apr/2026:03:02:21 +0000] "GET /static/js/script.js HTTP/1.1" 200 569 "-" "Mozilla/5.0 (Windows NT 10.0; Win64; x64) AppleWebKit/537.36 (KHTML, like Gecko) Chrome/145.0.0.0 Safari/537.36" "109.166.52.104" response-time=0.009
109.166.52.104 - - [29/Apr/2026:03:02:21 +0000] "GET /cart/ HTTP/1.1" 200 3524 "-" "Mozilla/5.0 (Windows NT 10.0; Win64; x64) AppleWebKit/537.36 (KHTML, like Gecko) Chrome/145.0.0.0 Safari/537.36" "109.166.52.104" response-time=0.035
109.166.52.104 - - [29/Apr/2026:03:02:21 +0000] "GET /cart HTTP/1.1" 301 5 "-" "Mozilla/5.0 (Windows NT 10.0; Win64; x64) AppleWebKit/537.36 (KHTML, like Gecko) Chrome/145.0.0.0 Safari/537.36" "109.166.52.104" response-time=0.003
109.166.52.104 - - [29/Apr/2026:03:02:21 +0000] "GET /cart/ HTTP/1.1" 200 3524 "https://cuong1512.pythonanywhere.com/cart" "Mozilla/5.0 (Windows NT 10.0; Win64; x64) AppleWebKit/537.36 (KHTML, like Gecko) Chrome/145.0.0.0 Safari/537.36" "109.166.52.104" response-time=0.032
